// Jest Snapshot v1, https://goo.gl/fbAQLP

exports[`getKpiUserAuthenticationsAreaLensAttributes should render 1`] = `
Object {
  "description": "",
  "references": Array [
    Object {
      "id": "security-solution-my-test",
      "name": "indexpattern-datasource-current-indexpattern",
      "type": "index-pattern",
    },
    Object {
      "id": "security-solution-my-test",
      "name": "indexpattern-datasource-layer-undefined",
      "type": "index-pattern",
    },
    Object {
      "id": "security-solution-my-test",
      "name": "indexpattern-datasource-layer-31213ae3-905b-4e88-b987-0cccb1f3209f",
      "type": "index-pattern",
    },
  ],
  "state": Object {
    "datasourceStates": Object {
      "formBased": Object {
        "layers": Object {
          "31213ae3-905b-4e88-b987-0cccb1f3209f": Object {
            "columnOrder": Array [
              "4590dafb-4ac7-45aa-8641-47a3ff0b817c",
              "49a42fe6-ebe8-4adb-8eed-1966a5297b7e",
            ],
            "columns": Object {
              "4590dafb-4ac7-45aa-8641-47a3ff0b817c": Object {
                "dataType": "date",
                "isBucketed": true,
                "label": "@timestamp",
                "operationType": "date_histogram",
                "params": Object {
                  "interval": "auto",
                },
                "scale": "interval",
                "sourceField": "@timestamp",
              },
              "49a42fe6-ebe8-4adb-8eed-1966a5297b7e": Object {
                "customLabel": true,
                "dataType": "number",
                "filter": Object {
                  "language": "kuery",
                  "query": "event.outcome : \\"success\\" ",
                },
                "isBucketed": false,
                "label": "Succ.",
                "operationType": "count",
                "scale": "ratio",
                "sourceField": "___records___",
              },
            },
            "incompleteColumns": Object {},
          },
          "undefined": Object {
            "columnOrder": Array [
              "0eb97c09-a351-4280-97da-944e4bd30dd7",
              "33a6163d-0c0a-451d-aa38-8ca6010dd5bf",
            ],
            "columns": Object {
              "0eb97c09-a351-4280-97da-944e4bd30dd7": Object {
                "dataType": "date",
                "isBucketed": true,
                "label": "@timestamp",
                "operationType": "date_histogram",
                "params": Object {
                  "interval": "auto",
                },
                "scale": "interval",
                "sourceField": "@timestamp",
              },
              "33a6163d-0c0a-451d-aa38-8ca6010dd5bf": Object {
                "customLabel": true,
                "dataType": "number",
                "filter": Object {
                  "language": "kuery",
                  "query": "event.outcome: \\"failure\\" ",
                },
                "isBucketed": false,
                "label": "Fail",
                "operationType": "count",
                "scale": "ratio",
                "sourceField": "___records___",
              },
            },
            "incompleteColumns": Object {},
          },
        },
      },
    },
    "filters": Array [
      Object {
        "$state": Object {
          "store": "appState",
        },
        "meta": Object {
          "alias": null,
          "disabled": false,
          "indexRefName": "filter-index-pattern-0",
          "key": "query",
          "negate": false,
          "type": "custom",
          "value": "{\\"bool\\":{\\"filter\\":[{\\"term\\":{\\"event.category\\":\\"authentication\\"}}]}}",
        },
        "query": Object {
          "bool": Object {
            "filter": Array [
              Object {
                "term": Object {
                  "event.category": "authentication",
                },
              },
            ],
          },
        },
      },
      Object {
        "meta": Object {
          "alias": null,
          "disabled": false,
          "key": "user.name",
          "negate": false,
          "params": Object {
            "query": "elastic",
          },
          "type": "phrase",
        },
        "query": Object {
          "match_phrase": Object {
            "user.name": "elastic",
          },
        },
      },
      Object {
        "meta": Object {
          "alias": "",
          "disabled": false,
          "key": "bool",
          "negate": false,
          "type": "custom",
          "value": "{\\"query\\": {\\"bool\\": {\\"filter\\": [{\\"bool\\": {\\"should\\": [{\\"exists\\": {\\"field\\": \\"user.name\\"}}],\\"minimum_should_match\\": 1}}]}}}",
        },
        "query": Object {
          "bool": Object {
            "minimum_should_match": 1,
            "should": Array [
              Object {
                "exists": Object {
                  "field": "user.name",
                },
              },
            ],
          },
        },
      },
      Object {
        "meta": Object {
          "alias": null,
          "disabled": false,
          "key": "_index",
          "negate": false,
          "params": Array [
            "auditbeat-mytest-*",
          ],
          "type": "phrases",
        },
        "query": Object {
          "bool": Object {
            "minimum_should_match": 1,
            "should": Array [
              Object {
                "match_phrase": Object {
                  "_index": "auditbeat-mytest-*",
                },
              },
            ],
          },
        },
      },
      Object {
        "meta": Object {
          "alias": null,
          "disabled": false,
          "key": "host.id",
          "negate": false,
          "params": Object {
            "query": "123",
          },
          "type": "phrase",
        },
        "query": Object {
          "match_phrase": Object {
            "host.id": "123",
          },
        },
      },
    ],
    "query": Object {
      "language": "kql",
      "query": "host.name: *",
    },
    "visualization": Object {
      "axisTitlesVisibilitySettings": Object {
        "x": false,
        "yLeft": false,
        "yRight": true,
      },
      "fittingFunction": "None",
      "gridlinesVisibilitySettings": Object {
        "x": true,
        "yLeft": true,
        "yRight": true,
      },
      "labelsOrientation": Object {
        "x": 0,
        "yLeft": 0,
        "yRight": 0,
      },
      "layers": Array [
        Object {
          "accessors": Array [
            "49a42fe6-ebe8-4adb-8eed-1966a5297b7e",
          ],
          "layerId": "31213ae3-905b-4e88-b987-0cccb1f3209f",
          "layerType": "data",
          "seriesType": "area",
          "xAccessor": "4590dafb-4ac7-45aa-8641-47a3ff0b817c",
          "yConfig": Array [
            Object {
              "color": "#16C5C0",
              "forAccessor": "49a42fe6-ebe8-4adb-8eed-1966a5297b7e",
            },
          ],
        },
        Object {
          "accessors": Array [
            "33a6163d-0c0a-451d-aa38-8ca6010dd5bf",
          ],
          "layerId": undefined,
          "layerType": "data",
          "seriesType": "area",
          "xAccessor": "0eb97c09-a351-4280-97da-944e4bd30dd7",
          "yConfig": Array [
            Object {
              "color": "#EE72A6",
              "forAccessor": "33a6163d-0c0a-451d-aa38-8ca6010dd5bf",
            },
          ],
        },
      ],
      "legend": Object {
        "isVisible": false,
        "position": "right",
        "showSingleSeries": false,
      },
      "preferredSeriesType": "area",
      "tickLabelsVisibilitySettings": Object {
        "x": true,
        "yLeft": true,
        "yRight": true,
      },
      "valueLabels": "hide",
      "yLeftExtent": Object {
        "mode": "full",
      },
      "yRightExtent": Object {
        "mode": "full",
      },
    },
  },
  "title": "[Host] User authentications - area ",
  "visualizationType": "lnsXY",
}
`;
