// Jest Snapshot v1, https://goo.gl/fbAQLP

exports[`getKpiUserAuthenticationsBarLensAttributes should render 1`] = `
Object {
  "description": "",
  "references": Array [
    Object {
      "id": "security-solution-my-test",
      "name": "indexpattern-datasource-current-indexpattern",
      "type": "index-pattern",
    },
    Object {
      "id": "security-solution-my-test",
      "name": "indexpattern-datasource-layer-undefined",
      "type": "index-pattern",
    },
    Object {
      "id": "security-solution-my-test",
      "name": "indexpattern-datasource-layer-31213ae3-905b-4e88-b987-0cccb1f3209f",
      "type": "index-pattern",
    },
  ],
  "state": Object {
    "datasourceStates": Object {
      "formBased": Object {
        "layers": Object {
          "31213ae3-905b-4e88-b987-0cccb1f3209f": Object {
            "columnOrder": Array [
              "938b445a-a291-4bbc-84fe-4f47b69c20e4",
              "e959c351-a3a2-4525-b244-9623f215a8fd",
            ],
            "columns": Object {
              "938b445a-a291-4bbc-84fe-4f47b69c20e4": Object {
                "customLabel": true,
                "dataType": "string",
                "isBucketed": true,
                "label": "Fail",
                "operationType": "filters",
                "params": Object {
                  "filters": Array [
                    Object {
                      "input": Object {
                        "language": "kuery",
                        "query": "event.outcome:\\"failure\\" ",
                      },
                      "label": "Fail",
                    },
                  ],
                },
                "scale": "ordinal",
              },
              "e959c351-a3a2-4525-b244-9623f215a8fd": Object {
                "dataType": "number",
                "isBucketed": false,
                "label": "Fail",
                "operationType": "count",
                "scale": "ratio",
                "sourceField": "___records___",
              },
            },
            "incompleteColumns": Object {},
          },
          "undefined": Object {
            "columnOrder": Array [
              "b9acd453-f476-4467-ad38-203e37b73e55",
              "430e690c-9992-414f-9bce-00812d99a5e7",
            ],
            "columns": Object {
              "430e690c-9992-414f-9bce-00812d99a5e7": Object {
                "dataType": "number",
                "isBucketed": false,
                "label": "Succ.",
                "operationType": "count",
                "scale": "ratio",
                "sourceField": "___records___",
              },
              "b9acd453-f476-4467-ad38-203e37b73e55": Object {
                "dataType": "string",
                "isBucketed": true,
                "label": "Filters",
                "operationType": "filters",
                "params": Object {
                  "filters": Array [
                    Object {
                      "input": Object {
                        "language": "kuery",
                        "query": "event.outcome : \\"success\\" ",
                      },
                      "label": "Succ.",
                    },
                  ],
                },
                "scale": "ordinal",
              },
            },
            "incompleteColumns": Object {},
          },
        },
      },
    },
    "filters": Array [
      Object {
        "$state": Object {
          "store": "appState",
        },
        "meta": Object {
          "alias": null,
          "disabled": false,
          "indexRefName": "filter-index-pattern-0",
          "key": "query",
          "negate": false,
          "type": "custom",
          "value": "{\\"bool\\":{\\"filter\\":[{\\"term\\":{\\"event.category\\":\\"authentication\\"}}]}}",
        },
        "query": Object {
          "bool": Object {
            "filter": Array [
              Object {
                "term": Object {
                  "event.category": "authentication",
                },
              },
            ],
          },
        },
      },
      Object {
        "meta": Object {
          "alias": null,
          "disabled": false,
          "key": "user.name",
          "negate": false,
          "params": Object {
            "query": "elastic",
          },
          "type": "phrase",
        },
        "query": Object {
          "match_phrase": Object {
            "user.name": "elastic",
          },
        },
      },
      Object {
        "meta": Object {
          "alias": "",
          "disabled": false,
          "key": "bool",
          "negate": false,
          "type": "custom",
          "value": "{\\"query\\": {\\"bool\\": {\\"filter\\": [{\\"bool\\": {\\"should\\": [{\\"exists\\": {\\"field\\": \\"user.name\\"}}],\\"minimum_should_match\\": 1}}]}}}",
        },
        "query": Object {
          "bool": Object {
            "minimum_should_match": 1,
            "should": Array [
              Object {
                "exists": Object {
                  "field": "user.name",
                },
              },
            ],
          },
        },
      },
      Object {
        "meta": Object {
          "alias": null,
          "disabled": false,
          "key": "_index",
          "negate": false,
          "params": Array [
            "auditbeat-mytest-*",
          ],
          "type": "phrases",
        },
        "query": Object {
          "bool": Object {
            "minimum_should_match": 1,
            "should": Array [
              Object {
                "match_phrase": Object {
                  "_index": "auditbeat-mytest-*",
                },
              },
            ],
          },
        },
      },
      Object {
        "meta": Object {
          "alias": null,
          "disabled": false,
          "key": "host.id",
          "negate": false,
          "params": Object {
            "query": "123",
          },
          "type": "phrase",
        },
        "query": Object {
          "match_phrase": Object {
            "host.id": "123",
          },
        },
      },
    ],
    "query": Object {
      "language": "kql",
      "query": "host.name: *",
    },
    "visualization": Object {
      "axisTitlesVisibilitySettings": Object {
        "x": false,
        "yLeft": false,
        "yRight": true,
      },
      "fittingFunction": "None",
      "gridlinesVisibilitySettings": Object {
        "x": true,
        "yLeft": true,
        "yRight": true,
      },
      "labelsOrientation": Object {
        "x": 0,
        "yLeft": 0,
        "yRight": 0,
      },
      "layers": Array [
        Object {
          "accessors": Array [
            "430e690c-9992-414f-9bce-00812d99a5e7",
          ],
          "layerId": undefined,
          "layerType": "data",
          "seriesType": "bar_horizontal_stacked",
          "xAccessor": "b9acd453-f476-4467-ad38-203e37b73e55",
          "yConfig": Array [
            Object {
              "color": "#16C5C0",
              "forAccessor": "430e690c-9992-414f-9bce-00812d99a5e7",
            },
          ],
        },
        Object {
          "accessors": Array [
            "e959c351-a3a2-4525-b244-9623f215a8fd",
          ],
          "layerId": "31213ae3-905b-4e88-b987-0cccb1f3209f",
          "layerType": "data",
          "seriesType": "bar_horizontal_stacked",
          "xAccessor": "938b445a-a291-4bbc-84fe-4f47b69c20e4",
          "yConfig": Array [
            Object {
              "color": "#EE72A6",
              "forAccessor": "e959c351-a3a2-4525-b244-9623f215a8fd",
            },
          ],
        },
      ],
      "legend": Object {
        "isVisible": false,
        "position": "right",
        "showSingleSeries": false,
      },
      "preferredSeriesType": "bar_horizontal_stacked",
      "tickLabelsVisibilitySettings": Object {
        "x": true,
        "yLeft": true,
        "yRight": true,
      },
      "valueLabels": "hide",
      "yLeftExtent": Object {
        "mode": "full",
      },
      "yRightExtent": Object {
        "mode": "full",
      },
    },
  },
  "title": "[Host] User authentications - bar ",
  "visualizationType": "lnsXY",
}
`;
